0 info it worked if it ends with ok
1 verbose cli [ 'C:\\Program Files (x86)\\nodejs\\node.exe',
1 verbose cli   'C:\\Users\\Rob\\AppData\\Roaming\\npm\\node_modules\\npm\\bin\\npm-cli.js',
1 verbose cli   'run',
1 verbose cli   'scss' ]
2 info using npm@3.10.6
3 info using node@v8.11.2
4 verbose run-script [ 'prescss', 'scss', 'postscss' ]
5 info lifecycle eipp-fractal@0.1.0~prescss: eipp-fractal@0.1.0
6 silly lifecycle eipp-fractal@0.1.0~prescss: no script for prescss, continuing
7 info lifecycle eipp-fractal@0.1.0~scss: eipp-fractal@0.1.0
8 verbose lifecycle eipp-fractal@0.1.0~scss: unsafe-perm in lifecycle true
9 verbose lifecycle eipp-fractal@0.1.0~scss: PATH: C:\Users\Rob\AppData\Roaming\npm\node_modules\npm\bin\node-gyp-bin;C:\Users\Rob\Dropbox\ETI\eipp-fractal\node_modules\.bin;C:\Users\Rob\AppData\Roaming\npm\node_modules\npm\bin\node-gyp-bin;C:\Users\Rob\Dropbox\ETI\eipp-fractal\node_modules\.bin;C:\Program Files (x86)\Intel\iCLS Client\;C:\Program Files\Intel\iCLS Client\;C:\WINDOWS\system32;C:\WINDOWS;C:\WINDOWS\System32\Wbem;C:\WINDOWS\System32\WindowsPowerShell\v1.0\;C:\Program Files\Intel\Intel(R) Management Engine Components\DAL;C:\Program Files\Intel\Intel(R) Management Engine Components\IPT;C:\Program Files (x86)\Intel\Intel(R) Management Engine Components\DAL;C:\Program Files (x86)\Intel\Intel(R) Management Engine Components\IPT;C:\Program Files\Intel\WiFi\bin\;C:\Program Files\Common Files\Intel\WirelessCommon\;C:\Program Files (x86)\Git\cmd;C:\Program Files\Amazon\AWSCLI\;C:\Program Files (x86)\NVIDIA Corporation\PhysX\Common;C:\Program Files\Git\cmd;C:\WINDOWS\system32;C:\WINDOWS;C:\WINDOWS\System32\Wbem;C:\WINDOWS\System32\WindowsPowerShell\v1.0\;C:\Program Files (x86)\nodejs\;C:\WINDOWS\System32\OpenSSH\;C:\Program Files\Microsoft VS Code\bin;C:\Ruby23-x64\bin;C:\Users\Rob\AppData\Local\Microsoft\WindowsApps;C:\Users\Rob\Dropbox\woodro-hugo\bin;C:\Users\Rob\AppData\Local\now-cli;C:\Program Files\Microsoft VS Code\bin;C:\Users\Rob\AppData\Roaming\npm;C:\Program Files (x86)\nodejs;;C:\Users\Rob\AppData\Local\Programs\Microsoft VS Code\bin
10 verbose lifecycle eipp-fractal@0.1.0~scss: CWD: C:\Users\Rob\Dropbox\ETI\eipp-fractal
11 silly lifecycle eipp-fractal@0.1.0~scss: Args: [ '/d /s /c',
11 silly lifecycle   'node-sass --watch --output-style compressed scss/ -o public/css/' ]
12 silly lifecycle eipp-fractal@0.1.0~scss: Returned: code: 1  signal: null
13 info lifecycle eipp-fractal@0.1.0~scss: Failed to exec scss script
14 verbose stack Error: eipp-fractal@0.1.0 scss: `node-sass --watch --output-style compressed scss/ -o public/css/`
14 verbose stack Exit status 1
14 verbose stack     at EventEmitter.<anonymous> (C:\Users\Rob\AppData\Roaming\npm\node_modules\npm\lib\utils\lifecycle.js:255:16)
14 verbose stack     at emitTwo (events.js:126:13)
14 verbose stack     at EventEmitter.emit (events.js:214:7)
14 verbose stack     at ChildProcess.<anonymous> (C:\Users\Rob\AppData\Roaming\npm\node_modules\npm\lib\utils\spawn.js:40:14)
14 verbose stack     at emitTwo (events.js:126:13)
14 verbose stack     at ChildProcess.emit (events.js:214:7)
14 verbose stack     at maybeClose (internal/child_process.js:925:16)
14 verbose stack     at Process.ChildProcess._handle.onexit (internal/child_process.js:209:5)
15 verbose pkgid eipp-fractal@0.1.0
16 verbose cwd C:\Users\Rob\Dropbox\ETI\eipp-fractal
17 error Windows_NT 10.0.17134
18 error argv "C:\\Program Files (x86)\\nodejs\\node.exe" "C:\\Users\\Rob\\AppData\\Roaming\\npm\\node_modules\\npm\\bin\\npm-cli.js" "run" "scss"
19 error node v8.11.2
20 error npm  v3.10.6
21 error code ELIFECYCLE
22 error eipp-fractal@0.1.0 scss: `node-sass --watch --output-style compressed scss/ -o public/css/`
22 error Exit status 1
23 error Failed at the eipp-fractal@0.1.0 scss script 'node-sass --watch --output-style compressed scss/ -o public/css/'.
23 error Make sure you have the latest version of node.js and npm installed.
23 error If you do, this is most likely a problem with the eipp-fractal package,
23 error not with npm itself.
23 error Tell the author that this fails on your system:
23 error     node-sass --watch --output-style compressed scss/ -o public/css/
23 error You can get information on how to open an issue for this project with:
23 error     npm bugs eipp-fractal
23 error Or if that isn't available, you can get their info via:
23 error     npm owner ls eipp-fractal
23 error There is likely additional logging output above.
24 verbose exit [ 1, true ]
